[11:08:38] Starting training job af47cd8b -> registering as 'internal-tools-dummy-object-detector'
[11:08:38] No data file found at ./no_csv_file.csv — generating synthetic 'object-present' data instead.
[11:08:38] Training on 640 rows, 32 features...
[11:08:38] ...training step 1/3
[11:08:40] ...training step 2/3
[11:08:42] ...training step 3/3
[11:08:45] Train accuracy: 1.000 | Test accuracy: 0.944
🏃 View run train-job-af47cd8b at: http://127.0.0.1:5000/#/experiments/6/runs/d9ab01b12a814de6b7b7b108752820eb
🧪 View experiment at: http://127.0.0.1:5000/#/experiments/6
Traceback (most recent call last):
  File "/home/ashim/PROJECTS/mlplay/venv/lib/python3.12/site-packages/mlflow/sklearn/__init__.py", line 683, in _save_model
    skops.io.load(output_path, trusted=skops_trusted_types)
  File "/home/ashim/PROJECTS/mlplay/venv/lib/python3.12/site-packages/skops/io/_persist.py", line 151, in load
    audit_tree(tree, trusted=trusted)
  File "/home/ashim/PROJECTS/mlplay/venv/lib/python3.12/site-packages/skops/io/_audit.py", line 60, in audit_tree
    raise UntrustedTypesFoundException(unsafe)
skops.io.exceptions.UntrustedTypesFoundException: Untrusted types found in the file: ['sklearn.neural_network._stochastic_optimizers.AdamOptimizer'].

During handling of the above exception, another exception occurred:

Traceback (most recent call last):
  File "/home/ashim/PROJECTS/mlplay/model-dashboard/training_scripts/train_dummy_model.py", line 125, in <module>
    main()
  File "/home/ashim/PROJECTS/mlplay/model-dashboard/training_scripts/train_dummy_model.py", line 104, in main
    model_info = mlflow.sklearn.log_model(
                 ^^^^^^^^^^^^^^^^^^^^^^^^^
  File "/home/ashim/PROJECTS/mlplay/venv/lib/python3.12/site-packages/mlflow/sklearn/__init__.py", line 478, in log_model
    return Model.log(
           ^^^^^^^^^^
  File "/home/ashim/PROJECTS/mlplay/venv/lib/python3.12/site-packages/mlflow/models/model.py", line 1218, in log
    flavor.save_model(path=local_path, mlflow_model=mlflow_model, **kwargs)
  File "/home/ashim/PROJECTS/mlplay/venv/lib/python3.12/site-packages/mlflow/sklearn/__init__.py", line 301, in save_model
    _save_model(
  File "/home/ashim/PROJECTS/mlplay/venv/lib/python3.12/site-packages/mlflow/sklearn/__init__.py", line 686, in _save_model
    raise MlflowException(
mlflow.exceptions.MlflowException: The saved sklearn model references untrusted types. If you are sure loading these types is safe, set the 'skops_trusted_types' parameter when calling 'log_model' or 'save_model' to the list of trusted types. Root error: Untrusted types found in the file: ['sklearn.neural_network._stochastic_optimizers.AdamOptimizer'].
